// Vitest Snapshot v1

exports[`Masthead.vue > matches snapshot 1`] = `"<anonymous-stub class=\\"mb-8\\"></anonymous-stub>"`;
