// Vitest Snapshot v1, https://vitest.dev/guide/snapshot.html

exports[`SiteHeader.vue > matches snapshot 1`] = `
"<header class="bg-red-500">
  <anonymous-stub></anonymous-stub>
</header>"
`;
